bash tests/check.sh

1. Сумма параметров по таблице сходится с моделью
  ✗ сумма по таблице не сходится с sum(p.numel() for p in model.parameters())
      AssertionError: по таблице 751,632,384, а в модели 596,049,920 — похоже, tied embeddings посчитаны дважды (+155,582,464)

2. Расчётное число LoRA-параметров совпадает с peft
  ✓ r=8, q_proj+v_proj: 1,146,880; r=16, все линейные: 10,092,544;

3. Хуки снимаются: повторный прогон не копит их на модулях
  ✗ хуки не снимаются — handle.remove() отсутствует
      AssertionError: после первого прогона на модулях осталось хуков: 3

4. Три режима памяти дают разные числа (full FT > LoRA > инференс)
  ✗ режимы не различаются по памяти — меряется снимок в конце, а не пик
      inference=418МБ full_ft=1082МБ lora=1150МБ
      AssertionError: full FT (1082 МБ) должен быть дороже LoRA (1150 МБ) — это не пик, а снимок

5. Проект запускается модулем: python -m src.inspect_model --probe inference
  ✓ код возврата 0, замер напечатал 1 строк(и)

6. В замере названа метрика памяти (и на ускорителе это не RSS)
  ✗ метрика памяти не названа либо на ускорителе меряется RSS процесса
      AssertionError: на mps память измерена через ru_maxrss, то есть по процессу: тензоры лежат в памяти ускорителя и в RSS почти не попадают — режимы будут неразличимы

7. В docs/anatomy.md записаны условия замера
  ✓ условия замера на месте (8 пунктов), отчёт совпадает с params.yaml

Провалено проверок: 4

make: *** [check] Error 1
